============================= test session starts =============================
platform win32 -- Python 3.5.2, pytest-3.0.5, py-1.4.32, pluggy-0.4.0
rootdir: C:\Users\PatrickN\py, inifile: 
collected 10 items

test_game.py ..........

========================== 10 passed in 0.05 seconds ==========================
